reg__337: 
reg__242: 
reg__348: 
reg__326: 
reg__292: 
reg__25: 
reg__162: 
datapath__17: 
pwm: 
datapath__4: 
reg__519: 
reg__12: 
reg__197: 
reg__496: 
reg__148: 
reg__509: 
reg__91: 
logic__97: 
reg__329: 
reg__463: 
reg__493: 
muxpart__20: 
reg__174: 
reg__60: 
reg__537: 
reg__144: 
reg__374: 
dsp48e1__1: 
case__35: 
reg__220: 
reg__299: 
reg__24: 
reg__485: 
PWM_Data_mux: 
reg__284: 
reg__442: 
reg__230: 
reg__539: 
reg__332: 
reg__278: 
reg__397: 
r2r_sar_adc_simple: 
reg__311: 
reg__484: 
reg__75: 
reg__498: 
logic__106: 
datapath__9: 
reg__430: 
reg__219: 
logic__9: 
muxpart__19: 
reg__427: 
reg__59: 
reg__392: 
reg__55: 
reg__365: 
reg__295: 
reg__391: 
reg__529: 
case__16: 
reg__528: 
Data_Selecting_Mux: 
reg__84: 
logic__104: 
reg__111: 
reg__343: 
reg__261: 
case__26: 
reg__170: 
reg__297: 
reg__202: 
reg__183: 
reg__240: 
reg__142: 
reg__22: 
reg__150: 
reg__316: 
reg__39: 
logic__81: 
reg__250: 
reg__359: 
reg__319: 
reg__137: 
reg__414: 
reg__47: 
reg__321: 
reg__341: 
reg__508: 
reg__143: 
digit_multiplexor: 
reg__130: 
reg__364: 
reg__491: 
datapath__12: 
reg__382: 
case__41: 
reg__73: 
seven_segment_display_subsystem: 
reg__212: 
muxpart__4: 
reg__308: 
reg__439: 
reg__135: 
reg__34: 
reg__322: 
reg__40: 
reg__408: 
reg__79: 
reg__335: 
reg__122: 
reg__57: 
reg__482: 
reg__95: 
reg__350: 
logic__12: 
reg__215: 
reg__173: 
logic__51: 
reg__232: 
reg__191: 
logic__107: 
reg__90: 
reg__514: 
reg__393: 
reg__108: 
reg__303: 
reg__443: 
logic__52: 
reg__429: 
logic__61: 
reg__112: 
reg__282: 
muxpart__1: 
reg__324: 
reg__247: 
reg__273: 
reg__290: 
reg__433: 
reg__530: 
reg__77: 
reg__115: 
reg__184: 
reg__437: 
reg__127: 
reg__366: 
reg__103: 
muxpart__15: 
reg__361: 
seven_segment_decoder: 
reg__452: 
reg__448: 
reg__120: 
reg__288: 
reg__325: 
reg__266: 
reg__333: 
reg__85: 
reg__475: 
reg__48: 
reg__176: 
case__39: 
reg__196: 
reg__355: 
reg__141: 
reg__541: 
reg__195: 
averager_subsystem: 
reg__510: 
reg__368: 
reg__161: 
counter: 
reg__380: 
reg__238: 
reg__177: 
reg__390: 
reg__476: 
reg__331: 
reg__531: 
reg__310: 
reg__110: 
reg__16: 
reg__187: 
reg__417: 
reg__465: 
R2R_subsystem: 
reg__501: 
reg__139: 
reg__163: 
reg__540: 
reg__51: 
datapath__14: 
case__32: 
reg__479: 
reg__17: 
reg__78: 
reg__402: 
muxpart__2: 
reg__453: 
reg__470: 
reg__274: 
datapath__2: 
logic__110: 
reg__434: 
reg__133: 
datapath__6: 
case__44: 
reg__157: 
reg__180: 
logic__20: 
case__29: 
reg__471: 
muxpart__22: 
reg__388: 
reg__473: 
reg__385: 
reg__328: 
reg__378: 
case__43: 
logic__53: 
reg__136: 
reg__31: 
reg__46: 
reg__37: 
reg__507: 
reg__129: 
reg__100: 
reg__146: 
reg__495: 
reg__93: 
reg__504: 
reg__478: 
reg__199: 
reg__109: 
datapath__16: 
reg__52: 
reg__362: 
reg__102: 
case__2: 
reg__533: 
reg__198: 
muxpart__3: 
reg__330: 
reg__264: 
reg__425: 
reg__407: 
reg__422: 
reg__117: 
reg__526: 
reg__370: 
reg__336: 
reg__534: 
reg__61: 
reg__304: 
reg__49: 
case__47: 
reg__455: 
reg__441: 
reg__237: 
reg__64: 
case__21: 
reg__26: 
Fall_Detector2: 
reg__416: 
reg__239: 
reg__175: 
R2R_Data_mux: 
reg__132: 
reg__489: 
datapath__7: 
reg__524: 
case__24: 
reg__71: 
reg__466: 
reg__404: 
reg__338: 
reg__114: 
reg__542: 
reg__165: 
reg__80: 
case__22: 
reg__460: 
reg__63: 
Fall_Detector: 
reg__345: 
reg__204: 
logic__54: 
reg__41: 
reg__505: 
reg__32: 
reg__398: 
reg__62: 
reg__222: 
reg__231: 
reg__464: 
reg__205: 
reg__389: 
reg__293: 
reg__145: 
reg__36: 
reg__86: 
logic__75: 
reg__182: 
reg__76: 
reg__107: 
reg__357: 
reg__538: 
reg__358: 
reg__126: 
dsp48e1__2: 
reg__291: 
reg__151: 
reg__234: 
reg__172: 
reg__15: 
reg__436: 
datapath__3: 
reg__43: 
reg__29: 
reg__252: 
reg__386: 
reg__267: 
reg__387: 
reg__226: 
reg__279: 
reg__474: 
reg__171: 
output_mode_fsm: 
reg__2: 
reg__235: 
logic__5: 
muxpart__17: 
reg__294: 
reg__315: 
reg__213: 
reg__503: 
datapath__10: 
reg__179: 
reg__298: 
reg__65: 
reg__426: 
reg__280: 
reg__384: 
reg__54: 
case__42: 
reg__406: 
reg__472: 
case__25: 
reg__515: 
reg__502: 
reg__517: 
logic__66: 
reg__314: 
reg__440: 
reg__27: 
case__45: 
reg__81: 
reg__480: 
averager_pwm: 
case__50: 
reg__224: 
muxpart__21: 
reg__415: 
switch_logic: 
reg__217: 
reg__168: 
reg__243: 
reg__296: 
reg__349: 
reg__125: 
reg__50: 
reg__206: 
reg__140: 
reg__462: 
reg__7: 
reg__450: 
reg__317: 
reg__159: 
reg__327: 
reg__445: 
reg__527: 
reg__244: 
reg__454: 
reg__8: 
reg__124: 
reg__218: 
reg__477: 
reg__14: 
reg__152: 
reg__233: 
reg__105: 
reg__536: 
reg__423: 
reg__58: 
reg__300: 
reg__88: 
reg__302: 
case__33: 
reg__156: 
reg__494: 
dsp48e1: 
reg__277: 
reg__323: 
reg__256: 
reg__265: 
reg__289: 
reg__45: 
reg__209: 
reg__138: 
logic__108: 
reg__320: 
reg__483: 
logic__58: 
reg__53: 
reg__21: 
Menu_Subsystem: 
reg__3: 
datapath__1: 
PWM_subsystem: 
reg__123: 
reg__401: 
reg__410: 
reg__360: 
reg__210: 
downcounter_waveform: 
reg__512: 
reg__506: 
reg__411: 
reg__227: 
reg__131: 
reg__160: 
case__17: 
reg__419: 
case__46: 
reg__207: 
reg__6: 
logic__19: 
reg__492: 
reg__214: 
reg__147: 
reg__312: 
reg__245: 
reg__203: 
reg__4: 
reg__372: 
reg__254: 
reg__178: 
reg__19: 
reg__158: 
reg__400: 
logic__26: 
reg__438: 
reg__83: 
reg__216: 
reg__33: 
reg__246: 
reg__192: 
reg__309: 
reg__376: 
reg__459: 
reg__113: 
seven_segment_digit_selector: 
reg__30: 
case__31: 
reg__69: 
reg__270: 
sawtooth_generator2: 
reg__420: 
reg__272: 
reg__221: 
reg__68: 
reg__352: 
averager: 
reg__70: 
Lab7_Top_Level: 
reg__194: 
reg__403: 
reg__344: 
reg__447: 
reg__371: 
datapath: 
bin_to_bcd: 
reg__89: 
reg__13: 
reg__412: 
logic: 
reg__208: 
case__27: 
reg__381: 
reg__353: 
reg__262: 
reg__225: 
case: 
reg__428: 
reg__121: 
reg__101: 
reg__189: 
reg__263: 
reg__301: 
reg__488: 
reg__255: 
pwm_from_code: 
reg__42: 
reg__525: 
reg__155: 
reg__153: 
reg__20: 
logic__109: 
reg__468: 
reg__211: 
logic__69: 
case__19: 
reg__457: 
reg__190: 
reg__285: 
reg__363: 
reg__188: 
reg__456: 
reg__499: 
reg__23: 
reg__405: 
reg__18: 
logic__102: 
reg__379: 
case__20: 
reg__307: 
case__15: 
reg__154: 
reg__258: 
reg__287: 
reg__97: 
reg__281: 
reg__249: 
reg__446: 
reg__98: 
reg__200: 
datapath__8: 
case__23: 
reg__87: 
reg__516: 
reg__229: 
reg__96: 
reg__500: 
reg__490: 
reg__535: 
reg__342: 
reg__169: 
muxpart: 
reg__431: 
reg: 
reg__418: 
reg__186: 
logic__105: 
reg__92: 
reg__318: 
reg__467: 
muxpart__16: 
reg__134: 
reg__383: 
reg__44: 
XADC_Subsystem: 
case__30: 
reg__119: 
reg__409: 
reg__373: 
case__34: 
averager_subsystem2: 
reg__356: 
reg__399: 
reg__74: 
reg__260: 
reg__166: 
reg__38: 
reg__228: 
reg__305: 
logic__65: 
reg__449: 
reg__513: 
reg__181: 
reg__201: 
reg__461: 
reg__346: 
reg__435: 
reg__522: 
reg__451: 
logic__18: 
logic__103: 
reg__347: 
reg__223: 
reg__275: 
reg__424: 
reg__396: 
logic__78: 
reg__276: 
reg__167: 
datapath__13: 
reg__518: 
reg__118: 
reg__520: 
reg__35: 
reg__128: 
case__36: 
reg__367: 
case__40: 
reg__10: 
reg__259: 
reg__11: 
reg__185: 
reg__486: 
reg__339: 
reg__72: 
reg__94: 
reg__9: 
PWM_Ramp: 
reg__523: 
reg__354: 
reg__375: 
reg__116: 
reg__497: 
reg__351: 
reg__67: 
muxpart__5: 
reg__1: 
reg__257: 
reg__99: 
reg__487: 
reg__164: 
reg__241: 
reg__104: 
reg__395: 
reg__149: 
reg__251: 
reg__82: 
logic__84: 
reg__521: 
XADC_Data_mux: 
reg__444: 
reg__193: 
datapath__5: 
logic__21: 
reg__5: 
datapath__15: 
reg__286: 
reg__458: 
reg__306: 
datapath__11: 
logic__8: 
reg__413: 
case__18: 
reg__248: 
reg__66: 
reg__532: 
reg__369: 
counter__2: 
reg__271: 
reg__28: 
counter__1: 
reg__334: 
reg__253: 
reg__313: 
reg__421: 
reg__432: 
reg__481: 
reg__283: 
reg__394: 
reg__469: 
reg__340: 
muxpart__18: 
case__28: 
reg__106: 
reg__511: 
case__1: 
reg__377: 
reg__236: 
case__3: 
reg__56: 
